Archive member included because of file (symbol)

/usr/local/CrossPack-AVR-20131216/lib/gcc/avr/4.8.1/avr6/libgcc.a(_udivmodsi4.o)
                              ./hal/drivers/atmega256rfr2/halSleep.o (__udivmodsi4)
/usr/local/CrossPack-AVR-20131216/lib/gcc/avr/4.8.1/avr6/libgcc.a(_exit.o)
                              /usr/local/CrossPack-AVR-20131216/lib/gcc/avr/4.8.1/../../../../avr/lib/avr6/crtm256rfr2.o (exit)
/usr/local/CrossPack-AVR-20131216/lib/gcc/avr/4.8.1/avr6/libgcc.a(_copy_data.o)
                              ./nwk/src/nwk.o (__do_copy_data)
/usr/local/CrossPack-AVR-20131216/lib/gcc/avr/4.8.1/avr6/libgcc.a(_clear_bss.o)
                              ./sys/src/sysTimer.o (__do_clear_bss)
/usr/local/CrossPack-AVR-20131216/lib/gcc/avr/4.8.1/../../../../avr/lib/avr6/libc.a(rand.o)
                              ./nwk/src/nwkTx.o (rand)
/usr/local/CrossPack-AVR-20131216/lib/gcc/avr/4.8.1/../../../../avr/lib/avr6/libc.a(memcpy.o)
                              ./nwk/src/nwkDataReq.o (memcpy)
/usr/local/CrossPack-AVR-20131216/lib/gcc/avr/4.8.1/avr6/libgcc.a(_divmodsi4.o)
                              /usr/local/CrossPack-AVR-20131216/lib/gcc/avr/4.8.1/../../../../avr/lib/avr6/libc.a(rand.o) (__divmodsi4)
/usr/local/CrossPack-AVR-20131216/lib/gcc/avr/4.8.1/avr6/libgcc.a(_negsi2.o)
                              /usr/local/CrossPack-AVR-20131216/lib/gcc/avr/4.8.1/avr6/libgcc.a(_divmodsi4.o) (__negsi2)
/usr/local/CrossPack-AVR-20131216/lib/gcc/avr/4.8.1/avr6/libgcc.a(_muluhisi3.o)
                              /usr/local/CrossPack-AVR-20131216/lib/gcc/avr/4.8.1/../../../../avr/lib/avr6/libc.a(rand.o) (__muluhisi3)
/usr/local/CrossPack-AVR-20131216/lib/gcc/avr/4.8.1/avr6/libgcc.a(_mulshisi3.o)
                              /usr/local/CrossPack-AVR-20131216/lib/gcc/avr/4.8.1/../../../../avr/lib/avr6/libc.a(rand.o) (__mulohisi3)
/usr/local/CrossPack-AVR-20131216/lib/gcc/avr/4.8.1/avr6/libgcc.a(_umulhisi3.o)
                              /usr/local/CrossPack-AVR-20131216/lib/gcc/avr/4.8.1/avr6/libgcc.a(_muluhisi3.o) (__umulhisi3)

Allocating common symbols
Common symbol       size              file

nwkIb               0x28              ./nwk/src/nwk.o
timeoutTimer        0xd               ./main.o
frame               0x5               ./main.o
nwkDataReq          0x11              ./main.o
halTimerIrqCount    0x1               ./hal/atmega256rfr2/src/halTimer.o

Memory Configuration

Name             Origin             Length             Attributes
text             0x00000000         0x00100000         xr
data             0x00800200         0x0000fe00         rw !x
eeprom           0x00810000         0x00010000         rw !x
fuse             0x00820000         0x00000400         rw !x
lock             0x00830000         0x00000400         rw !x
signature        0x00840000         0x00000400         rw !x
user_signatures  0x00850000         0x00000400         rw !x
*default*        0x00000000         0xffffffff

Linker script and memory map

Address of section .data set to 0x800200
LOAD /usr/local/CrossPack-AVR-20131216/lib/gcc/avr/4.8.1/../../../../avr/lib/avr6/crtm256rfr2.o
LOAD ./sys/src/sys.o
LOAD ./sys/src/sysEncrypt.o
LOAD ./sys/src/sysTimer.o
LOAD ./phy/atmegarfr2/src/phy.o
LOAD ./nwk/src/nwk.o
LOAD ./nwk/src/nwkDataReq.o
LOAD ./nwk/src/nwkFrame.o
LOAD ./nwk/src/nwkGroup.o
LOAD ./nwk/src/nwkRoute.o
LOAD ./nwk/src/nwkRouteDiscovery.o
LOAD ./nwk/src/nwkRx.o
LOAD ./nwk/src/nwkSecurity.o
LOAD ./nwk/src/nwkTx.o
LOAD ./hal/drivers/atmega256rfr2/halSleep.o
LOAD ./hal/drivers/atmega256rfr2/halUart.o
LOAD ./hal/atmega256rfr2/src/hal.o
LOAD ./hal/atmega256rfr2/src/halTimer.o
LOAD ./main.o
START GROUP
LOAD /usr/local/CrossPack-AVR-20131216/lib/gcc/avr/4.8.1/avr6/libgcc.a
LOAD /usr/local/CrossPack-AVR-20131216/lib/gcc/avr/4.8.1/../../../../avr/lib/avr6/libm.a
LOAD /usr/local/CrossPack-AVR-20131216/lib/gcc/avr/4.8.1/../../../../avr/lib/avr6/libc.a
END GROUP

.hash
 *(.hash)

.dynsym
 *(.dynsym)

.dynstr
 *(.dynstr)

.gnu.version
 *(.gnu.version)

.gnu.version_d
 *(.gnu.version_d)

.gnu.version_r
 *(.gnu.version_r)

.rel.init
 *(.rel.init)

.rela.init
 *(.rela.init)

.rel.text
 *(.rel.text)
 *(.rel.text.*)
 *(.rel.gnu.linkonce.t*)

.rela.text
 *(.rela.text)
 *(.rela.text.*)
 *(.rela.gnu.linkonce.t*)

.rel.fini
 *(.rel.fini)

.rela.fini
 *(.rela.fini)

.rel.rodata
 *(.rel.rodata)
 *(.rel.rodata.*)
 *(.rel.gnu.linkonce.r*)

.rela.rodata
 *(.rela.rodata)
 *(.rela.rodata.*)
 *(.rela.gnu.linkonce.r*)

.rel.data
 *(.rel.data)
 *(.rel.data.*)
 *(.rel.gnu.linkonce.d*)

.rela.data
 *(.rela.data)
 *(.rela.data.*)
 *(.rela.gnu.linkonce.d*)

.rel.ctors
 *(.rel.ctors)

.rela.ctors
 *(.rela.ctors)

.rel.dtors
 *(.rel.dtors)

.rela.dtors
 *(.rela.dtors)

.rel.got
 *(.rel.got)

.rela.got
 *(.rela.got)

.rel.bss
 *(.rel.bss)

.rela.bss
 *(.rela.bss)

.rel.plt
 *(.rel.plt)

.rela.plt
 *(.rela.plt)

.text           0x00000000     0x1f56
 *(.vectors)
 .vectors       0x00000000      0x134 /usr/local/CrossPack-AVR-20131216/lib/gcc/avr/4.8.1/../../../../avr/lib/avr6/crtm256rfr2.o
                0x00000000                __vectors
                0x00000000                __vector_default
 *(.vectors)
 *(.progmem.gcc*)
                0x00000134                . = ALIGN (0x2)
                0x00000134                __trampolines_start = .
 *(.trampolines)
 .trampolines   0x00000134       0x20 linker stubs
 *(.trampolines*)
                0x00000154                __trampolines_end = .
 *(.progmem*)
                0x00000154                . = ALIGN (0x2)
 *(.jumptables)
 *(.jumptables*)
 *(.lowtext)
 *(.lowtext*)
                0x00000154                __ctors_start = .
 *(.ctors)
                0x00000154                __ctors_end = .
                0x00000154                __dtors_start = .
 *(.dtors)
                0x00000154                __dtors_end = .
 SORT(*)(.ctors)
 SORT(*)(.dtors)
 *(.init0)
 .init0         0x00000154        0x0 /usr/local/CrossPack-AVR-20131216/lib/gcc/avr/4.8.1/../../../../avr/lib/avr6/crtm256rfr2.o
                0x00000154                __init
 *(.init0)
 *(.init1)
 *(.init1)
 *(.init2)
 .init2         0x00000154       0x10 /usr/local/CrossPack-AVR-20131216/lib/gcc/avr/4.8.1/../../../../avr/lib/avr6/crtm256rfr2.o
 *(.init2)
 *(.init3)
 *(.init3)
 *(.init4)
 .init4         0x00000164       0x1a /usr/local/CrossPack-AVR-20131216/lib/gcc/avr/4.8.1/avr6/libgcc.a(_copy_data.o)
                0x00000164                __do_copy_data
 .init4         0x0000017e       0x10 /usr/local/CrossPack-AVR-20131216/lib/gcc/avr/4.8.1/avr6/libgcc.a(_clear_bss.o)
                0x0000017e                __do_clear_bss
 *(.init4)
 *(.init5)
 *(.init5)
 *(.init6)
 *(.init6)
 *(.init7)
 *(.init7)
 *(.init8)
 *(.init8)
 *(.init9)
 .init9         0x0000018e        0x8 /usr/local/CrossPack-AVR-20131216/lib/gcc/avr/4.8.1/../../../../avr/lib/avr6/crtm256rfr2.o
 *(.init9)
 *(.text)
 .text          0x00000196        0x4 /usr/local/CrossPack-AVR-20131216/lib/gcc/avr/4.8.1/../../../../avr/lib/avr6/crtm256rfr2.o
                0x00000196                __vector_65
                0x00000196                __vector_22
                0x00000196                __vector_63
                0x00000196                __vector_28
                0x00000196                __vector_67
                0x00000196                __vector_1
                0x00000196                __vector_32
                0x00000196                __vector_75
                0x00000196                __vector_71
                0x00000196                __vector_34
                0x00000196                __vector_62
                0x00000196                __vector_24
                0x00000196                __vector_12
                0x00000196                __vector_55
                0x00000196                __vector_69
                0x00000196                __vector_46
                0x00000196                __bad_interrupt
                0x00000196                __vector_72
                0x00000196                __vector_6
                0x00000196                __vector_31
                0x00000196                __vector_35
                0x00000196                __vector_74
                0x00000196                __vector_39
                0x00000196                __vector_3
                0x00000196                __vector_23
                0x00000196                __vector_68
                0x00000196                __vector_30
                0x00000196                __vector_73
                0x00000196                __vector_45
                0x00000196                __vector_25
                0x00000196                __vector_61
                0x00000196                __vector_11
                0x00000196                __vector_54
                0x00000196                __vector_17
                0x00000196                __vector_19
                0x00000196                __vector_56
                0x00000196                __vector_7
                0x00000196                __vector_49
                0x00000196                __vector_41
                0x00000196                __vector_64
                0x00000196                __vector_43
                0x00000196                __vector_27
                0x00000196                __vector_5
                0x00000196                __vector_33
                0x00000196                __vector_76
                0x00000196                __vector_47
                0x00000196                __vector_52
                0x00000196                __vector_4
                0x00000196                __vector_44
                0x00000196                __vector_51
                0x00000196                __vector_9
                0x00000196                __vector_2
                0x00000196                __vector_21
                0x00000196                __vector_15
                0x00000196                __vector_66
                0x00000196                __vector_58
                0x00000196                __vector_70
                0x00000196                __vector_29
                0x00000196                __vector_60
                0x00000196                __vector_40
                0x00000196                __vector_8
                0x00000196                __vector_26
                0x00000196                __vector_48
                0x00000196                __vector_14
                0x00000196                __vector_57
                0x00000196                __vector_53
                0x00000196                __vector_10
                0x00000196                __vector_50
                0x00000196                __vector_16
                0x00000196                __vector_59
                0x00000196                __vector_18
                0x00000196                __vector_20
                0x00000196                __vector_38
 .text          0x0000019a        0x0 ./sys/src/sys.o
 .text          0x0000019a        0x0 ./sys/src/sysEncrypt.o
 .text          0x0000019a        0x0 ./sys/src/sysTimer.o
 .text          0x0000019a        0x0 ./phy/atmegarfr2/src/phy.o
 .text          0x0000019a        0x0 ./nwk/src/nwk.o
 .text          0x0000019a        0x0 ./nwk/src/nwkDataReq.o
 .text          0x0000019a        0x0 ./nwk/src/nwkFrame.o
 .text          0x0000019a        0x0 ./nwk/src/nwkGroup.o
 .text          0x0000019a        0x0 ./nwk/src/nwkRoute.o
 .text          0x0000019a        0x0 ./nwk/src/nwkRouteDiscovery.o
 .text          0x0000019a        0x0 ./nwk/src/nwkRx.o
 .text          0x0000019a        0x0 ./nwk/src/nwkSecurity.o
 .text          0x0000019a        0x0 ./nwk/src/nwkTx.o
 .text          0x0000019a        0x0 ./hal/drivers/atmega256rfr2/halSleep.o
 .text          0x0000019a        0x0 ./hal/drivers/atmega256rfr2/halUart.o
 .text          0x0000019a        0x0 ./hal/atmega256rfr2/src/hal.o
 .text          0x0000019a        0x0 ./hal/atmega256rfr2/src/halTimer.o
 .text          0x0000019a        0x0 ./main.o
 .text          0x0000019a        0x0 /usr/local/CrossPack-AVR-20131216/lib/gcc/avr/4.8.1/avr6/libgcc.a(_udivmodsi4.o)
 .text          0x0000019a        0x0 /usr/local/CrossPack-AVR-20131216/lib/gcc/avr/4.8.1/avr6/libgcc.a(_exit.o)
 .text          0x0000019a        0x0 /usr/local/CrossPack-AVR-20131216/lib/gcc/avr/4.8.1/avr6/libgcc.a(_copy_data.o)
 .text          0x0000019a        0x0 /usr/local/CrossPack-AVR-20131216/lib/gcc/avr/4.8.1/avr6/libgcc.a(_clear_bss.o)
 .text          0x0000019a        0x0 /usr/local/CrossPack-AVR-20131216/lib/gcc/avr/4.8.1/../../../../avr/lib/avr6/libc.a(rand.o)
 .text          0x0000019a        0x0 /usr/local/CrossPack-AVR-20131216/lib/gcc/avr/4.8.1/../../../../avr/lib/avr6/libc.a(memcpy.o)
 .text          0x0000019a        0x0 /usr/local/CrossPack-AVR-20131216/lib/gcc/avr/4.8.1/avr6/libgcc.a(_divmodsi4.o)
 .text          0x0000019a        0x0 /usr/local/CrossPack-AVR-20131216/lib/gcc/avr/4.8.1/avr6/libgcc.a(_negsi2.o)
 .text          0x0000019a        0x0 /usr/local/CrossPack-AVR-20131216/lib/gcc/avr/4.8.1/avr6/libgcc.a(_muluhisi3.o)
 .text          0x0000019a        0x0 /usr/local/CrossPack-AVR-20131216/lib/gcc/avr/4.8.1/avr6/libgcc.a(_mulshisi3.o)
 .text          0x0000019a        0x0 /usr/local/CrossPack-AVR-20131216/lib/gcc/avr/4.8.1/avr6/libgcc.a(_umulhisi3.o)
                0x0000019a                . = ALIGN (0x2)
 *(.text.*)
 .text.SYS_Init
                0x0000019a       0x12 ./sys/src/sys.o
                0x0000019a                SYS_Init
 .text.SYS_TaskHandler
                0x000001ac        0xe ./sys/src/sys.o
                0x000001ac                SYS_TaskHandler
 .text.placeTimer
                0x000001ba       0xc8 ./sys/src/sysTimer.o
 .text.SYS_TimerInit
                0x00000282        0xa ./sys/src/sysTimer.o
                0x00000282                SYS_TimerInit
 .text.SYS_TimerStop
                0x0000028c       0x80 ./sys/src/sysTimer.o
                0x0000028c                SYS_TimerStop
 .text.SYS_TimerStarted
                0x0000030c       0x34 ./sys/src/sysTimer.o
                0x0000030c                SYS_TimerStarted
 .text.SYS_TimerStart
                0x00000340       0x1a ./sys/src/sysTimer.o
                0x00000340                SYS_TimerStart
 .text.SYS_TimerTaskHandler
                0x0000035a       0xd8 ./sys/src/sysTimer.o
                0x0000035a                SYS_TimerTaskHandler
 .text.phySetChannel
                0x00000432       0x38 ./phy/atmegarfr2/src/phy.o
 .text.phyTrxSetState
                0x0000046a       0x24 ./phy/atmegarfr2/src/phy.o
 .text.phySetRxState
                0x0000048e       0x1c ./phy/atmegarfr2/src/phy.o
 .text.PHY_Init
                0x000004aa       0x30 ./phy/atmegarfr2/src/phy.o
                0x000004aa                PHY_Init
 .text.PHY_SetRxState
                0x000004da        0xa ./phy/atmegarfr2/src/phy.o
                0x000004da                PHY_SetRxState
 .text.PHY_SetChannel
                0x000004e4        0xa ./phy/atmegarfr2/src/phy.o
                0x000004e4                PHY_SetChannel
 .text.PHY_SetBand
                0x000004ee        0xa ./phy/atmegarfr2/src/phy.o
                0x000004ee                PHY_SetBand
 .text.PHY_SetPanId
                0x000004f8       0x24 ./phy/atmegarfr2/src/phy.o
                0x000004f8                PHY_SetPanId
 .text.PHY_SetShortAddr
                0x0000051c       0x2e ./phy/atmegarfr2/src/phy.o
                0x0000051c                PHY_SetShortAddr
 .text.PHY_SetTxPower
                0x0000054a       0x10 ./phy/atmegarfr2/src/phy.o
                0x0000054a                PHY_SetTxPower
 .text.PHY_Sleep
                0x0000055a       0x18 ./phy/atmegarfr2/src/phy.o
                0x0000055a                PHY_Sleep
 .text.PHY_Wakeup
                0x00000572       0x16 ./phy/atmegarfr2/src/phy.o
                0x00000572                PHY_Wakeup
 .text.PHY_DataReq
                0x00000588       0x4e ./phy/atmegarfr2/src/phy.o
                0x00000588                PHY_DataReq
 .text.PHY_TaskHandler
                0x000005d6       0xfc ./phy/atmegarfr2/src/phy.o
                0x000005d6                PHY_TaskHandler
 .text.NWK_Init
                0x000006d2       0x40 ./nwk/src/nwk.o
                0x000006d2                NWK_Init
 .text.NWK_SetAddr
                0x00000712        0xe ./nwk/src/nwk.o
                0x00000712                NWK_SetAddr
 .text.NWK_SetPanId
                0x00000720        0xe ./nwk/src/nwk.o
                0x00000720                NWK_SetPanId
 .text.NWK_OpenEndpoint
                0x0000072e       0x12 ./nwk/src/nwk.o
                0x0000072e                NWK_OpenEndpoint
 .text.NWK_Busy
                0x00000740       0x12 ./nwk/src/nwk.o
                0x00000740                NWK_Busy
 .text.NWK_Lock
                0x00000752       0x10 ./nwk/src/nwk.o
                0x00000752                NWK_Lock
 .text.NWK_Unlock
                0x00000762       0x10 ./nwk/src/nwk.o
                0x00000762                NWK_Unlock
 .text.NWK_SleepReq
                0x00000772        0x6 ./nwk/src/nwk.o
                0x00000772                NWK_SleepReq
 .text.NWK_WakeupReq
                0x00000778        0x6 ./nwk/src/nwk.o
                0x00000778                NWK_WakeupReq
 .text.NWK_LinearizeLqi
                0x0000077e       0x5c ./nwk/src/nwk.o
                0x0000077e                NWK_LinearizeLqi
 .text.NWK_TaskHandler
                0x000007da        0xe ./nwk/src/nwk.o
                0x000007da                NWK_TaskHandler
 .text.nwkDataReqTxConf
                0x000007e8       0x48 ./nwk/src/nwkDataReq.o
 .text.nwkDataReqInit
                0x00000830        0xa ./nwk/src/nwkDataReq.o
                0x00000830                nwkDataReqInit
 .text.NWK_DataReq
                0x0000083a       0x42 ./nwk/src/nwkDataReq.o
                0x0000083a                NWK_DataReq
 .text.nwkDataReqTaskHandler
                0x0000087c      0x12c ./nwk/src/nwkDataReq.o
                0x0000087c                nwkDataReqTaskHandler
 .text.nwkFrameInit
                0x000009a8       0x16 ./nwk/src/nwkFrame.o
                0x000009a8                nwkFrameInit
 .text.nwkFrameAlloc
                0x000009be       0x6e ./nwk/src/nwkFrame.o
                0x000009be                nwkFrameAlloc
 .text.nwkFrameFree
                0x00000a2c       0x14 ./nwk/src/nwkFrame.o
                0x00000a2c                nwkFrameFree
 .text.nwkFrameNext
                0x00000a40       0x4a ./nwk/src/nwkFrame.o
                0x00000a40                nwkFrameNext
 .text.nwkFrameCommandInit
                0x00000a8a       0x24 ./nwk/src/nwkFrame.o
                0x00000a8a                nwkFrameCommandInit
 .text.nwkRouteInit
                0x00000aae       0x3e ./nwk/src/nwkRoute.o
                0x00000aae                nwkRouteInit
 .text.NWK_RouteFindEntry
                0x00000aec       0x70 ./nwk/src/nwkRoute.o
                0x00000aec                NWK_RouteFindEntry
 .text.NWK_RouteNewEntry
                0x00000b5c       0x46 ./nwk/src/nwkRoute.o
                0x00000b5c                NWK_RouteNewEntry
 .text.NWK_RouteFreeEntry
                0x00000ba2       0x14 ./nwk/src/nwkRoute.o
                0x00000ba2                NWK_RouteFreeEntry
 .text.NWK_RouteNextHop
                0x00000bb6       0x16 ./nwk/src/nwkRoute.o
                0x00000bb6                NWK_RouteNextHop
 .text.NWK_RouteTable
                0x00000bcc        0x6 ./nwk/src/nwkRoute.o
                0x00000bcc                NWK_RouteTable
 .text.nwkRouteUpdateEntry
                0x00000bd2       0x4c ./nwk/src/nwkRoute.o
                0x00000bd2                nwkRouteUpdateEntry
 .text.nwkRouteRemove
                0x00000c1e        0xe ./nwk/src/nwkRoute.o
                0x00000c1e                nwkRouteRemove
 .text.nwkRouteFrameReceived
                0x00000c2c       0xac ./nwk/src/nwkRoute.o
                0x00000c2c                nwkRouteFrameReceived
 .text.nwkRouteFrameSent
                0x00000cd8       0x88 ./nwk/src/nwkRoute.o
                0x00000cd8                nwkRouteFrameSent
 .text.nwkRoutePrepareTx
                0x00000d60       0x3e ./nwk/src/nwkRoute.o
                0x00000d60                nwkRoutePrepareTx
 .text.nwkRouteFrame
                0x00000d9e       0xa4 ./nwk/src/nwkRoute.o
                0x00000d9e                nwkRouteFrame
 .text.nwkRouteErrorReceived
                0x00000e42       0x24 ./nwk/src/nwkRoute.o
                0x00000e42                nwkRouteErrorReceived
 .text.nwkRxServiceDataInd
                0x00000e66       0x34 ./nwk/src/nwkRx.o
 .text.nwkRxDuplicateRejectionTimerHandler
                0x00000e9a       0x28 ./nwk/src/nwkRx.o
 .text.nwkRxInit
                0x00000ec2       0x46 ./nwk/src/nwkRx.o
                0x00000ec2                nwkRxInit
 .text.PHY_DataInd
                0x00000f08       0x52 ./nwk/src/nwkRx.o
                0x00000f08                PHY_DataInd
 .text.NWK_SetAckControl
                0x00000f5a        0x6 ./nwk/src/nwkRx.o
                0x00000f5a                NWK_SetAckControl
 .text.nwkRxTaskHandler
                0x00000f60      0x430 ./nwk/src/nwkRx.o
                0x00000f60                nwkRxTaskHandler
 .text.nwkTxDelayTimerHandler
                0x00001390       0x62 ./nwk/src/nwkTx.o
 .text.nwkTxAckWaitTimerHandler
                0x000013f2       0x72 ./nwk/src/nwkTx.o
 .text.nwkTxInit
                0x00001464       0x5a ./nwk/src/nwkTx.o
                0x00001464                nwkTxInit
 .text.nwkTxFrame
                0x000014be       0xa4 ./nwk/src/nwkTx.o
                0x000014be                nwkTxFrame
 .text.nwkTxBroadcastFrame
                0x00001562       0x90 ./nwk/src/nwkTx.o
                0x00001562                nwkTxBroadcastFrame
 .text.nwkTxAckReceived
                0x000015f2       0x4a ./nwk/src/nwkTx.o
                0x000015f2                nwkTxAckReceived
 .text.nwkTxConfirm
                0x0000163c        0xe ./nwk/src/nwkTx.o
                0x0000163c                nwkTxConfirm
 .text.PHY_DataConf
                0x0000164a       0x46 ./nwk/src/nwkTx.o
                0x0000164a                PHY_DataConf
 .text.nwkTxTaskHandler
                0x00001690      0x156 ./nwk/src/nwkTx.o
                0x00001690                nwkTxTaskHandler
 .text.HAL_Sleep
                0x000017e6      0x100 ./hal/drivers/atmega256rfr2/halSleep.o
                0x000017e6                HAL_Sleep
 .text.__vector_13
                0x000018e6       0x1e ./hal/drivers/atmega256rfr2/halSleep.o
                0x000018e6                __vector_13
 .text.HAL_UartInit
                0x00001904       0xc8 ./hal/drivers/atmega256rfr2/halUart.o
                0x00001904                HAL_UartInit
 .text.HAL_UartWriteByte
                0x000019cc       0x5c ./hal/drivers/atmega256rfr2/halUart.o
                0x000019cc                HAL_UartWriteByte
 .text.HAL_UartReadByte
                0x00001a28       0x54 ./hal/drivers/atmega256rfr2/halUart.o
                0x00001a28                HAL_UartReadByte
 .text.__vector_37
                0x00001a7c       0x38 ./hal/drivers/atmega256rfr2/halUart.o
                0x00001a7c                __vector_37
 .text.__vector_36
                0x00001ab4       0xba ./hal/drivers/atmega256rfr2/halUart.o
                0x00001ab4                __vector_36
 .text.HAL_UartTaskHandler
                0x00001b6e       0x8c ./hal/drivers/atmega256rfr2/halUart.o
                0x00001b6e                HAL_UartTaskHandler
 .text.HAL_UartGetTxFifoBytes
                0x00001bfa        0xa ./hal/drivers/atmega256rfr2/halUart.o
                0x00001bfa                HAL_UartGetTxFifoBytes
 .text.HAL_UartGetRxFifoBytes
                0x00001c04        0xa ./hal/drivers/atmega256rfr2/halUart.o
                0x00001c04                HAL_UartGetRxFifoBytes
 .text.HAL_Init
                0x00001c0e       0x24 ./hal/atmega256rfr2/src/hal.o
                0x00001c0e                HAL_Init
 .text.HAL_Delay
                0x00001c32        0x8 ./hal/atmega256rfr2/src/hal.o
                0x00001c32                HAL_Delay
 .text.HAL_TimerInit
                0x00001c3a       0x2a ./hal/atmega256rfr2/src/halTimer.o
                0x00001c3a                HAL_TimerInit
 .text.HAL_TimerDelay
                0x00001c64       0x44 ./hal/atmega256rfr2/src/halTimer.o
                0x00001c64                HAL_TimerDelay
 .text.__vector_42
                0x00001ca8       0x22 ./hal/atmega256rfr2/src/halTimer.o
                0x00001ca8                __vector_42
 .text.appDataConf
                0x00001cca        0x2 ./main.o
 .text.appDataInd
                0x00001ccc        0x4 ./main.o
 .text.HAL_UartBytesReceived
                0x00001cd0        0x2 ./main.o
                0x00001cd0                HAL_UartBytesReceived
 .text.startTimeoutTimer
                0x00001cd2       0x32 ./main.o
                0x00001cd2                startTimeoutTimer
 .text.timeoutTimerHandler
                0x00001d04       0x60 ./main.o
                0x00001d04                timeoutTimerHandler
 .text.init_nwk
                0x00001d64       0x2e ./main.o
                0x00001d64                init_nwk
 .text.main     0x00001d92       0x30 ./main.o
                0x00001d92                main
 .text.libgcc.mul
                0x00001dc2        0x0 /usr/local/CrossPack-AVR-20131216/lib/gcc/avr/4.8.1/avr6/libgcc.a(_udivmodsi4.o)
 .text.libgcc.div
                0x00001dc2       0x44 /usr/local/CrossPack-AVR-20131216/lib/gcc/avr/4.8.1/avr6/libgcc.a(_udivmodsi4.o)
                0x00001dc2                __udivmodsi4
 .text.libgcc   0x00001e06        0x0 /usr/local/CrossPack-AVR-20131216/lib/gcc/avr/4.8.1/avr6/libgcc.a(_udivmodsi4.o)
 .text.libgcc.prologue
                0x00001e06        0x0 /usr/local/CrossPack-AVR-20131216/lib/gcc/avr/4.8.1/avr6/libgcc.a(_udivmodsi4.o)
 .text.libgcc.builtins
                0x00001e06        0x0 /usr/local/CrossPack-AVR-20131216/lib/gcc/avr/4.8.1/avr6/libgcc.a(_udivmodsi4.o)
 .text.libgcc.fmul
                0x00001e06        0x0 /usr/local/CrossPack-AVR-20131216/lib/gcc/avr/4.8.1/avr6/libgcc.a(_udivmodsi4.o)
 .text.libgcc.fixed
                0x00001e06        0x0 /usr/local/CrossPack-AVR-20131216/lib/gcc/avr/4.8.1/avr6/libgcc.a(_udivmodsi4.o)
 .text.libgcc.mul
                0x00001e06        0x0 /usr/local/CrossPack-AVR-20131216/lib/gcc/avr/4.8.1/avr6/libgcc.a(_exit.o)
 .text.libgcc.div
                0x00001e06        0x0 /usr/local/CrossPack-AVR-20131216/lib/gcc/avr/4.8.1/avr6/libgcc.a(_exit.o)
 .text.libgcc   0x00001e06        0x0 /usr/local/CrossPack-AVR-20131216/lib/gcc/avr/4.8.1/avr6/libgcc.a(_exit.o)
 .text.libgcc.prologue
                0x00001e06        0x0 /usr/local/CrossPack-AVR-20131216/lib/gcc/avr/4.8.1/avr6/libgcc.a(_exit.o)
 .text.libgcc.builtins
                0x00001e06        0x0 /usr/local/CrossPack-AVR-20131216/lib/gcc/avr/4.8.1/avr6/libgcc.a(_exit.o)
 .text.libgcc.fmul
                0x00001e06        0x0 /usr/local/CrossPack-AVR-20131216/lib/gcc/avr/4.8.1/avr6/libgcc.a(_exit.o)
 .text.libgcc.fixed
                0x00001e06        0x0 /usr/local/CrossPack-AVR-20131216/lib/gcc/avr/4.8.1/avr6/libgcc.a(_exit.o)
 .text.libgcc.mul
                0x00001e06        0x0 /usr/local/CrossPack-AVR-20131216/lib/gcc/avr/4.8.1/avr6/libgcc.a(_copy_data.o)
 .text.libgcc.div
                0x00001e06        0x0 /usr/local/CrossPack-AVR-20131216/lib/gcc/avr/4.8.1/avr6/libgcc.a(_copy_data.o)
 .text.libgcc   0x00001e06        0x0 /usr/local/CrossPack-AVR-20131216/lib/gcc/avr/4.8.1/avr6/libgcc.a(_copy_data.o)
 .text.libgcc.prologue
                0x00001e06        0x0 /usr/local/CrossPack-AVR-20131216/lib/gcc/avr/4.8.1/avr6/libgcc.a(_copy_data.o)
 .text.libgcc.builtins
                0x00001e06        0x0 /usr/local/CrossPack-AVR-20131216/lib/gcc/avr/4.8.1/avr6/libgcc.a(_copy_data.o)
 .text.libgcc.fmul
                0x00001e06        0x0 /usr/local/CrossPack-AVR-20131216/lib/gcc/avr/4.8.1/avr6/libgcc.a(_copy_data.o)
 .text.libgcc.fixed
                0x00001e06        0x0 /usr/local/CrossPack-AVR-20131216/lib/gcc/avr/4.8.1/avr6/libgcc.a(_copy_data.o)
 .text.libgcc.mul
                0x00001e06        0x0 /usr/local/CrossPack-AVR-20131216/lib/gcc/avr/4.8.1/avr6/libgcc.a(_clear_bss.o)
 .text.libgcc.div
                0x00001e06        0x0 /usr/local/CrossPack-AVR-20131216/lib/gcc/avr/4.8.1/avr6/libgcc.a(_clear_bss.o)
 .text.libgcc   0x00001e06        0x0 /usr/local/CrossPack-AVR-20131216/lib/gcc/avr/4.8.1/avr6/libgcc.a(_clear_bss.o)
 .text.libgcc.prologue
                0x00001e06        0x0 /usr/local/CrossPack-AVR-20131216/lib/gcc/avr/4.8.1/avr6/libgcc.a(_clear_bss.o)
 .text.libgcc.builtins
                0x00001e06        0x0 /usr/local/CrossPack-AVR-20131216/lib/gcc/avr/4.8.1/avr6/libgcc.a(_clear_bss.o)
 .text.libgcc.fmul
                0x00001e06        0x0 /usr/local/CrossPack-AVR-20131216/lib/gcc/avr/4.8.1/avr6/libgcc.a(_clear_bss.o)
 .text.libgcc.fixed
                0x00001e06        0x0 /usr/local/CrossPack-AVR-20131216/lib/gcc/avr/4.8.1/avr6/libgcc.a(_clear_bss.o)
 .text.avr-libc
                0x00001e06       0xb8 /usr/local/CrossPack-AVR-20131216/lib/gcc/avr/4.8.1/../../../../avr/lib/avr6/libc.a(rand.o)
                0x00001e9c                rand_r
                0x00001ea0                rand
                0x00001ea8                srand
 .text.avr-libc
                0x00001ebe       0x12 /usr/local/CrossPack-AVR-20131216/lib/gcc/avr/4.8.1/../../../../avr/lib/avr6/libc.a(memcpy.o)
                0x00001ebe                memcpy
 .text.libgcc.mul
                0x00001ed0        0x0 /usr/local/CrossPack-AVR-20131216/lib/gcc/avr/4.8.1/avr6/libgcc.a(_divmodsi4.o)
 .text.libgcc.div
                0x00001ed0       0x2e /usr/local/CrossPack-AVR-20131216/lib/gcc/avr/4.8.1/avr6/libgcc.a(_divmodsi4.o)
                0x00001ed0                __divmodsi4
 .text.libgcc   0x00001efe        0x0 /usr/local/CrossPack-AVR-20131216/lib/gcc/avr/4.8.1/avr6/libgcc.a(_divmodsi4.o)
 .text.libgcc.prologue
                0x00001efe        0x0 /usr/local/CrossPack-AVR-20131216/lib/gcc/avr/4.8.1/avr6/libgcc.a(_divmodsi4.o)
 .text.libgcc.builtins
                0x00001efe        0x0 /usr/local/CrossPack-AVR-20131216/lib/gcc/avr/4.8.1/avr6/libgcc.a(_divmodsi4.o)
 .text.libgcc.fmul
                0x00001efe        0x0 /usr/local/CrossPack-AVR-20131216/lib/gcc/avr/4.8.1/avr6/libgcc.a(_divmodsi4.o)
 .text.libgcc.fixed
                0x00001efe        0x0 /usr/local/CrossPack-AVR-20131216/lib/gcc/avr/4.8.1/avr6/libgcc.a(_divmodsi4.o)
 .text.libgcc.mul
                0x00001efe        0x0 /usr/local/CrossPack-AVR-20131216/lib/gcc/avr/4.8.1/avr6/libgcc.a(_negsi2.o)
 .text.libgcc.div
                0x00001efe       0x10 /usr/local/CrossPack-AVR-20131216/lib/gcc/avr/4.8.1/avr6/libgcc.a(_negsi2.o)
                0x00001efe                __negsi2
 .text.libgcc   0x00001f0e        0x0 /usr/local/CrossPack-AVR-20131216/lib/gcc/avr/4.8.1/avr6/libgcc.a(_negsi2.o)
 .text.libgcc.prologue
                0x00001f0e        0x0 /usr/local/CrossPack-AVR-20131216/lib/gcc/avr/4.8.1/avr6/libgcc.a(_negsi2.o)
 .text.libgcc.builtins
                0x00001f0e        0x0 /usr/local/CrossPack-AVR-20131216/lib/gcc/avr/4.8.1/avr6/libgcc.a(_negsi2.o)
 .text.libgcc.fmul
                0x00001f0e        0x0 /usr/local/CrossPack-AVR-20131216/lib/gcc/avr/4.8.1/avr6/libgcc.a(_negsi2.o)
 .text.libgcc.fixed
                0x00001f0e        0x0 /usr/local/CrossPack-AVR-20131216/lib/gcc/avr/4.8.1/avr6/libgcc.a(_negsi2.o)
 .text.libgcc.mul
                0x00001f0e       0x16 /usr/local/CrossPack-AVR-20131216/lib/gcc/avr/4.8.1/avr6/libgcc.a(_muluhisi3.o)
                0x00001f0e                __muluhisi3
 .text.libgcc.div
                0x00001f24        0x0 /usr/local/CrossPack-AVR-20131216/lib/gcc/avr/4.8.1/avr6/libgcc.a(_muluhisi3.o)
 .text.libgcc   0x00001f24        0x0 /usr/local/CrossPack-AVR-20131216/lib/gcc/avr/4.8.1/avr6/libgcc.a(_muluhisi3.o)
 .text.libgcc.prologue
                0x00001f24        0x0 /usr/local/CrossPack-AVR-20131216/lib/gcc/avr/4.8.1/avr6/libgcc.a(_muluhisi3.o)
 .text.libgcc.builtins
                0x00001f24        0x0 /usr/local/CrossPack-AVR-20131216/lib/gcc/avr/4.8.1/avr6/libgcc.a(_muluhisi3.o)
 .text.libgcc.fmul
                0x00001f24        0x0 /usr/local/CrossPack-AVR-20131216/lib/gcc/avr/4.8.1/avr6/libgcc.a(_muluhisi3.o)
 .text.libgcc.fixed
                0x00001f24        0x0 /usr/local/CrossPack-AVR-20131216/lib/gcc/avr/4.8.1/avr6/libgcc.a(_muluhisi3.o)
 .text.libgcc.mul
                0x00001f24       0x10 /usr/local/CrossPack-AVR-20131216/lib/gcc/avr/4.8.1/avr6/libgcc.a(_mulshisi3.o)
                0x00001f24                __mulshisi3
                0x00001f2a                __mulohisi3
 .text.libgcc.div
                0x00001f34        0x0 /usr/local/CrossPack-AVR-20131216/lib/gcc/avr/4.8.1/avr6/libgcc.a(_mulshisi3.o)
 .text.libgcc   0x00001f34        0x0 /usr/local/CrossPack-AVR-20131216/lib/gcc/avr/4.8.1/avr6/libgcc.a(_mulshisi3.o)
 .text.libgcc.prologue
                0x00001f34        0x0 /usr/local/CrossPack-AVR-20131216/lib/gcc/avr/4.8.1/avr6/libgcc.a(_mulshisi3.o)
 .text.libgcc.builtins
                0x00001f34        0x0 /usr/local/CrossPack-AVR-20131216/lib/gcc/avr/4.8.1/avr6/libgcc.a(_mulshisi3.o)
 .text.libgcc.fmul
                0x00001f34        0x0 /usr/local/CrossPack-AVR-20131216/lib/gcc/avr/4.8.1/avr6/libgcc.a(_mulshisi3.o)
 .text.libgcc.fixed
                0x00001f34        0x0 /usr/local/CrossPack-AVR-20131216/lib/gcc/avr/4.8.1/avr6/libgcc.a(_mulshisi3.o)
 .text.libgcc.mul
                0x00001f34       0x1e /usr/local/CrossPack-AVR-20131216/lib/gcc/avr/4.8.1/avr6/libgcc.a(_umulhisi3.o)
                0x00001f34                __umulhisi3
 .text.libgcc.div
                0x00001f52        0x0 /usr/local/CrossPack-AVR-20131216/lib/gcc/avr/4.8.1/avr6/libgcc.a(_umulhisi3.o)
 .text.libgcc   0x00001f52        0x0 /usr/local/CrossPack-AVR-20131216/lib/gcc/avr/4.8.1/avr6/libgcc.a(_umulhisi3.o)
 .text.libgcc.prologue
                0x00001f52        0x0 /usr/local/CrossPack-AVR-20131216/lib/gcc/avr/4.8.1/avr6/libgcc.a(_umulhisi3.o)
 .text.libgcc.builtins
                0x00001f52        0x0 /usr/local/CrossPack-AVR-20131216/lib/gcc/avr/4.8.1/avr6/libgcc.a(_umulhisi3.o)
 .text.libgcc.fmul
                0x00001f52        0x0 /usr/local/CrossPack-AVR-20131216/lib/gcc/avr/4.8.1/avr6/libgcc.a(_umulhisi3.o)
 .text.libgcc.fixed
                0x00001f52        0x0 /usr/local/CrossPack-AVR-20131216/lib/gcc/avr/4.8.1/avr6/libgcc.a(_umulhisi3.o)
                0x00001f52                . = ALIGN (0x2)
 *(.fini9)
 .fini9         0x00001f52        0x0 /usr/local/CrossPack-AVR-20131216/lib/gcc/avr/4.8.1/avr6/libgcc.a(_exit.o)
                0x00001f52                exit
                0x00001f52                _exit
 *(.fini9)
 *(.fini8)
 *(.fini8)
 *(.fini7)
 *(.fini7)
 *(.fini6)
 *(.fini6)
 *(.fini5)
 *(.fini5)
 *(.fini4)
 *(.fini4)
 *(.fini3)
 *(.fini3)
 *(.fini2)
 *(.fini2)
 *(.fini1)
 *(.fini1)
 *(.fini0)
 .fini0         0x00001f52        0x4 /usr/local/CrossPack-AVR-20131216/lib/gcc/avr/4.8.1/avr6/libgcc.a(_exit.o)
 *(.fini0)
                0x00001f56                _etext = .

.data           0x00800200        0xe load address 0x00001f56
                0x00800200                PROVIDE (__data_start, .)
 *(.data)
 .data          0x00800200        0x0 /usr/local/CrossPack-AVR-20131216/lib/gcc/avr/4.8.1/../../../../avr/lib/avr6/crtm256rfr2.o
 .data          0x00800200        0x0 ./sys/src/sys.o
 .data          0x00800200        0x0 ./sys/src/sysEncrypt.o
 .data          0x00800200        0x0 ./sys/src/sysTimer.o
 .data          0x00800200        0x0 ./phy/atmegarfr2/src/phy.o
 .data          0x00800200        0x0 ./nwk/src/nwk.o
 .data          0x00800200        0x0 ./nwk/src/nwkDataReq.o
 .data          0x00800200        0x0 ./nwk/src/nwkFrame.o
 .data          0x00800200        0x0 ./nwk/src/nwkGroup.o
 .data          0x00800200        0x0 ./nwk/src/nwkRoute.o
 .data          0x00800200        0x0 ./nwk/src/nwkRouteDiscovery.o
 .data          0x00800200        0x0 ./nwk/src/nwkRx.o
 .data          0x00800200        0x0 ./nwk/src/nwkSecurity.o
 .data          0x00800200        0x0 ./nwk/src/nwkTx.o
 .data          0x00800200        0x0 ./hal/drivers/atmega256rfr2/halSleep.o
 .data          0x00800200        0x0 ./hal/drivers/atmega256rfr2/halUart.o
 .data          0x00800200        0x0 ./hal/atmega256rfr2/src/hal.o
 .data          0x00800200        0x0 ./hal/atmega256rfr2/src/halTimer.o
 .data          0x00800200        0x0 ./main.o
 .data          0x00800200        0x0 /usr/local/CrossPack-AVR-20131216/lib/gcc/avr/4.8.1/avr6/libgcc.a(_udivmodsi4.o)
 .data          0x00800200        0x0 /usr/local/CrossPack-AVR-20131216/lib/gcc/avr/4.8.1/avr6/libgcc.a(_exit.o)
 .data          0x00800200        0x0 /usr/local/CrossPack-AVR-20131216/lib/gcc/avr/4.8.1/avr6/libgcc.a(_copy_data.o)
 .data          0x00800200        0x0 /usr/local/CrossPack-AVR-20131216/lib/gcc/avr/4.8.1/avr6/libgcc.a(_clear_bss.o)
 .data          0x00800200        0x4 /usr/local/CrossPack-AVR-20131216/lib/gcc/avr/4.8.1/../../../../avr/lib/avr6/libc.a(rand.o)
 .data          0x00800204        0x0 /usr/local/CrossPack-AVR-20131216/lib/gcc/avr/4.8.1/../../../../avr/lib/avr6/libc.a(memcpy.o)
 .data          0x00800204        0x0 /usr/local/CrossPack-AVR-20131216/lib/gcc/avr/4.8.1/avr6/libgcc.a(_divmodsi4.o)
 .data          0x00800204        0x0 /usr/local/CrossPack-AVR-20131216/lib/gcc/avr/4.8.1/avr6/libgcc.a(_negsi2.o)
 .data          0x00800204        0x0 /usr/local/CrossPack-AVR-20131216/lib/gcc/avr/4.8.1/avr6/libgcc.a(_muluhisi3.o)
 .data          0x00800204        0x0 /usr/local/CrossPack-AVR-20131216/lib/gcc/avr/4.8.1/avr6/libgcc.a(_mulshisi3.o)
 .data          0x00800204        0x0 /usr/local/CrossPack-AVR-20131216/lib/gcc/avr/4.8.1/avr6/libgcc.a(_umulhisi3.o)
 *(.data*)
 *(.rodata)
 .rodata        0x00800204        0x9 ./nwk/src/nwk.o
 *(.rodata*)
 *(.gnu.linkonce.d*)
                0x0080020e                . = ALIGN (0x2)
 *fill*         0x0080020d        0x1 
                0x0080020e                _edata = .
                0x0080020e                PROVIDE (__data_end, .)

.bss            0x0080020e      0xac7
                0x0080020e                PROVIDE (__bss_start, .)
 *(.bss)
 .bss           0x0080020e        0x0 /usr/local/CrossPack-AVR-20131216/lib/gcc/avr/4.8.1/../../../../avr/lib/avr6/crtm256rfr2.o
 .bss           0x0080020e        0x0 ./sys/src/sys.o
 .bss           0x0080020e        0x0 ./sys/src/sysEncrypt.o
 .bss           0x0080020e        0x0 ./sys/src/sysTimer.o
 .bss           0x0080020e        0x0 ./phy/atmegarfr2/src/phy.o
 .bss           0x0080020e        0x0 ./nwk/src/nwk.o
 .bss           0x0080020e        0x0 ./nwk/src/nwkDataReq.o
 .bss           0x0080020e        0x0 ./nwk/src/nwkFrame.o
 .bss           0x0080020e        0x0 ./nwk/src/nwkGroup.o
 .bss           0x0080020e        0x0 ./nwk/src/nwkRoute.o
 .bss           0x0080020e        0x0 ./nwk/src/nwkRouteDiscovery.o
 .bss           0x0080020e        0x0 ./nwk/src/nwkRx.o
 .bss           0x0080020e        0x0 ./nwk/src/nwkSecurity.o
 .bss           0x0080020e        0x0 ./nwk/src/nwkTx.o
 .bss           0x0080020e        0x0 ./hal/drivers/atmega256rfr2/halSleep.o
 .bss           0x0080020e        0x0 ./hal/drivers/atmega256rfr2/halUart.o
 .bss           0x0080020e        0x0 ./hal/atmega256rfr2/src/hal.o
 .bss           0x0080020e        0x0 ./hal/atmega256rfr2/src/halTimer.o
 .bss           0x0080020e        0x0 ./main.o
 .bss           0x0080020e        0x0 /usr/local/CrossPack-AVR-20131216/lib/gcc/avr/4.8.1/avr6/libgcc.a(_udivmodsi4.o)
 .bss           0x0080020e        0x0 /usr/local/CrossPack-AVR-20131216/lib/gcc/avr/4.8.1/avr6/libgcc.a(_exit.o)
 .bss           0x0080020e        0x0 /usr/local/CrossPack-AVR-20131216/lib/gcc/avr/4.8.1/avr6/libgcc.a(_copy_data.o)
 .bss           0x0080020e        0x0 /usr/local/CrossPack-AVR-20131216/lib/gcc/avr/4.8.1/avr6/libgcc.a(_clear_bss.o)
 .bss           0x0080020e        0x0 /usr/local/CrossPack-AVR-20131216/lib/gcc/avr/4.8.1/../../../../avr/lib/avr6/libc.a(rand.o)
 .bss           0x0080020e        0x0 /usr/local/CrossPack-AVR-20131216/lib/gcc/avr/4.8.1/../../../../avr/lib/avr6/libc.a(memcpy.o)
 .bss           0x0080020e        0x0 /usr/local/CrossPack-AVR-20131216/lib/gcc/avr/4.8.1/avr6/libgcc.a(_divmodsi4.o)
 .bss           0x0080020e        0x0 /usr/local/CrossPack-AVR-20131216/lib/gcc/avr/4.8.1/avr6/libgcc.a(_negsi2.o)
 .bss           0x0080020e        0x0 /usr/local/CrossPack-AVR-20131216/lib/gcc/avr/4.8.1/avr6/libgcc.a(_muluhisi3.o)
 .bss           0x0080020e        0x0 /usr/local/CrossPack-AVR-20131216/lib/gcc/avr/4.8.1/avr6/libgcc.a(_mulshisi3.o)
 .bss           0x0080020e        0x0 /usr/local/CrossPack-AVR-20131216/lib/gcc/avr/4.8.1/avr6/libgcc.a(_umulhisi3.o)
 *(.bss*)
 .bss.timers    0x0080020e        0x2 ./sys/src/sysTimer.o
 .bss.phyBand   0x00800210        0x1 ./phy/atmegarfr2/src/phy.o
 .bss.phyChannel
                0x00800211        0x1 ./phy/atmegarfr2/src/phy.o
 .bss.phyRxState
                0x00800212        0x1 ./phy/atmegarfr2/src/phy.o
 .bss.phyRxBuffer
                0x00800213       0x80 ./phy/atmegarfr2/src/phy.o
 .bss.phyState  0x00800293        0x1 ./phy/atmegarfr2/src/phy.o
 .bss.nwkDataReqQueue
                0x00800294        0x2 ./nwk/src/nwkDataReq.o
 .bss.nwkFrameFrames
                0x00800296      0x55a ./nwk/src/nwkFrame.o
 .bss.nwkRouteTable
                0x008007f0      0x2bc ./nwk/src/nwkRoute.o
 .bss.nwkRxDuplicateRejectionTimer
                0x00800aac        0xd ./nwk/src/nwkRx.o
 .bss.nwkRxAckControl
                0x00800ab9        0x1 ./nwk/src/nwkRx.o
 .bss.nwkRxDuplicateRejectionTable
                0x00800aba       0xfa ./nwk/src/nwkRx.o
 .bss.nwkTxDelayTimer
                0x00800bb4        0xd ./nwk/src/nwkTx.o
 .bss.nwkTxAckWaitTimer
                0x00800bc1        0xd ./nwk/src/nwkTx.o
 .bss.nwkTxPhyActiveFrame
                0x00800bce        0x2 ./nwk/src/nwkTx.o
 .bss.halSleepTimerEvent
                0x00800bd0        0x1 ./hal/drivers/atmega256rfr2/halSleep.o
 .bss.newData   0x00800bd1        0x1 ./hal/drivers/atmega256rfr2/halUart.o
 .bss.udrEmpty  0x00800bd2        0x1 ./hal/drivers/atmega256rfr2/halUart.o
 .bss.rxData    0x00800bd3       0x51 ./hal/drivers/atmega256rfr2/halUart.o
 .bss.rxFifo    0x00800c24        0xa ./hal/drivers/atmega256rfr2/halUart.o
 .bss.txData    0x00800c2e       0x51 ./hal/drivers/atmega256rfr2/halUart.o
 .bss.txFifo    0x00800c7f        0xa ./hal/drivers/atmega256rfr2/halUart.o
 *(COMMON)
 COMMON         0x00800c89       0x28 ./nwk/src/nwk.o
                0x00800c89                nwkIb
 COMMON         0x00800cb1        0x1 ./hal/atmega256rfr2/src/halTimer.o
                0x00800cb1                halTimerIrqCount
 COMMON         0x00800cb2       0x23 ./main.o
                0x00800cb2                timeoutTimer
                0x00800cbf                frame
                0x00800cc4                nwkDataReq
                0x00800cd5                PROVIDE (__bss_end, .)
                0x00001f56                __data_load_start = LOADADDR (.data)
                0x00001f64                __data_load_end = (__data_load_start + SIZEOF (.data))

.noinit         0x00800cd5        0x0
                0x00800cd5                PROVIDE (__noinit_start, .)
 *(.noinit*)
                0x00800cd5                PROVIDE (__noinit_end, .)
                0x00800cd5                _end = .
                0x00800cd5                PROVIDE (__heap_start, .)

.eeprom         0x00810000        0x0
 *(.eeprom*)
                0x00810000                __eeprom_end = .

.fuse
 *(.fuse)
 *(.lfuse)
 *(.hfuse)
 *(.efuse)

.lock
 *(.lock*)

.signature
 *(.signature*)

.user_signatures
 *(.user_signatures*)

.stab           0x00000000     0x74e8
 *(.stab)
 .stab          0x00000000      0x714 ./sys/src/sys.o
 .stab          0x00000714      0x2a0 ./sys/src/sysEncrypt.o
                                0x45c (size before relaxing)
 .stab          0x000009b4      0x798 ./sys/src/sysTimer.o
                                0x9a8 (size before relaxing)
 .stab          0x0000114c      0xad4 ./phy/atmegarfr2/src/phy.o
                                0xcfc (size before relaxing)
 .stab          0x00001c20      0x69c ./nwk/src/nwk.o
                                0xa08 (size before relaxing)
 .stab          0x000022bc      0x6c0 ./nwk/src/nwkDataReq.o
                                0x960 (size before relaxing)
 .stab          0x0000297c      0x4f8 ./nwk/src/nwkFrame.o
                                0x834 (size before relaxing)
 .stab          0x00002e74      0x288 ./nwk/src/nwkGroup.o
                                0x450 (size before relaxing)
 .stab          0x000030fc      0xbb8 ./nwk/src/nwkRoute.o
                                0xf0c (size before relaxing)
 .stab          0x00003cb4      0x324 ./nwk/src/nwkRouteDiscovery.o
                                0x72c (size before relaxing)
 .stab          0x00003fd8      0xb94 ./nwk/src/nwkRx.o
                                0xfcc (size before relaxing)
 .stab          0x00004b6c      0x30c ./nwk/src/nwkSecurity.o
                                0x660 (size before relaxing)
 .stab          0x00004e78      0xb40 ./nwk/src/nwkTx.o
                                0xf78 (size before relaxing)
 .stab          0x000059b8      0x594 ./hal/drivers/atmega256rfr2/halSleep.o
                                0x798 (size before relaxing)
 .stab          0x00005f4c      0x840 ./hal/drivers/atmega256rfr2/halUart.o
                                0xa44 (size before relaxing)
 .stab          0x0000678c      0x354 ./hal/atmega256rfr2/src/hal.o
                                0x54c (size before relaxing)
 .stab          0x00006ae0      0x3cc ./hal/atmega256rfr2/src/halTimer.o
                                0x5d0 (size before relaxing)
 .stab          0x00006eac      0x63c ./main.o
                                0x984 (size before relaxing)

.stabstr        0x00000000     0x4f0f
 *(.stabstr)
 .stabstr       0x00000000     0x4f0f ./sys/src/sys.o

.stab.excl
 *(.stab.excl)

.stab.exclstr
 *(.stab.exclstr)

.stab.index
 *(.stab.index)

.stab.indexstr
 *(.stab.indexstr)

.comment        0x00000000       0x11
 *(.comment)
 .comment       0x00000000       0x11 ./sys/src/sys.o
                                 0x12 (size before relaxing)
 .comment       0x00000000       0x12 ./sys/src/sysEncrypt.o
 .comment       0x00000000       0x12 ./sys/src/sysTimer.o
 .comment       0x00000000       0x12 ./phy/atmegarfr2/src/phy.o
 .comment       0x00000000       0x12 ./nwk/src/nwk.o
 .comment       0x00000000       0x12 ./nwk/src/nwkDataReq.o
 .comment       0x00000000       0x12 ./nwk/src/nwkFrame.o
 .comment       0x00000000       0x12 ./nwk/src/nwkGroup.o
 .comment       0x00000000       0x12 ./nwk/src/nwkRoute.o
 .comment       0x00000000       0x12 ./nwk/src/nwkRouteDiscovery.o
 .comment       0x00000000       0x12 ./nwk/src/nwkRx.o
 .comment       0x00000000       0x12 ./nwk/src/nwkSecurity.o
 .comment       0x00000000       0x12 ./nwk/src/nwkTx.o
 .comment       0x00000000       0x12 ./hal/drivers/atmega256rfr2/halSleep.o
 .comment       0x00000000       0x12 ./hal/drivers/atmega256rfr2/halUart.o
 .comment       0x00000000       0x12 ./hal/atmega256rfr2/src/hal.o
 .comment       0x00000000       0x12 ./hal/atmega256rfr2/src/halTimer.o
 .comment       0x00000000       0x12 ./main.o
 .comment       0x00000000       0x12 /usr/local/CrossPack-AVR-20131216/lib/gcc/avr/4.8.1/../../../../avr/lib/avr6/libc.a(rand.o)

.debug
 *(.debug)

.line
 *(.line)

.debug_srcinfo
 *(.debug_srcinfo)

.debug_sfnames
 *(.debug_sfnames)

.debug_aranges  0x00000000      0x120
 *(.debug_aranges)
 .debug_aranges
                0x00000000       0x20 /usr/local/CrossPack-AVR-20131216/lib/gcc/avr/4.8.1/avr6/libgcc.a(_udivmodsi4.o)
 .debug_aranges
                0x00000020       0x20 /usr/local/CrossPack-AVR-20131216/lib/gcc/avr/4.8.1/avr6/libgcc.a(_exit.o)
 .debug_aranges
                0x00000040       0x20 /usr/local/CrossPack-AVR-20131216/lib/gcc/avr/4.8.1/avr6/libgcc.a(_copy_data.o)
 .debug_aranges
                0x00000060       0x20 /usr/local/CrossPack-AVR-20131216/lib/gcc/avr/4.8.1/avr6/libgcc.a(_clear_bss.o)
 .debug_aranges
                0x00000080       0x20 /usr/local/CrossPack-AVR-20131216/lib/gcc/avr/4.8.1/avr6/libgcc.a(_divmodsi4.o)
 .debug_aranges
                0x000000a0       0x20 /usr/local/CrossPack-AVR-20131216/lib/gcc/avr/4.8.1/avr6/libgcc.a(_negsi2.o)
 .debug_aranges
                0x000000c0       0x20 /usr/local/CrossPack-AVR-20131216/lib/gcc/avr/4.8.1/avr6/libgcc.a(_muluhisi3.o)
 .debug_aranges
                0x000000e0       0x20 /usr/local/CrossPack-AVR-20131216/lib/gcc/avr/4.8.1/avr6/libgcc.a(_mulshisi3.o)
 .debug_aranges
                0x00000100       0x20 /usr/local/CrossPack-AVR-20131216/lib/gcc/avr/4.8.1/avr6/libgcc.a(_umulhisi3.o)

.debug_pubnames
 *(.debug_pubnames)

.debug_info     0x00000000      0x6ae
 *(.debug_info)
 .debug_info    0x00000000       0xbe /usr/local/CrossPack-AVR-20131216/lib/gcc/avr/4.8.1/avr6/libgcc.a(_udivmodsi4.o)
 .debug_info    0x000000be       0xbe /usr/local/CrossPack-AVR-20131216/lib/gcc/avr/4.8.1/avr6/libgcc.a(_exit.o)
 .debug_info    0x0000017c       0xbe /usr/local/CrossPack-AVR-20131216/lib/gcc/avr/4.8.1/avr6/libgcc.a(_copy_data.o)
 .debug_info    0x0000023a       0xbe /usr/local/CrossPack-AVR-20131216/lib/gcc/avr/4.8.1/avr6/libgcc.a(_clear_bss.o)
 .debug_info    0x000002f8       0xbe /usr/local/CrossPack-AVR-20131216/lib/gcc/avr/4.8.1/avr6/libgcc.a(_divmodsi4.o)
 .debug_info    0x000003b6       0xbe /usr/local/CrossPack-AVR-20131216/lib/gcc/avr/4.8.1/avr6/libgcc.a(_negsi2.o)
 .debug_info    0x00000474       0xbe /usr/local/CrossPack-AVR-20131216/lib/gcc/avr/4.8.1/avr6/libgcc.a(_muluhisi3.o)
 .debug_info    0x00000532       0xbe /usr/local/CrossPack-AVR-20131216/lib/gcc/avr/4.8.1/avr6/libgcc.a(_mulshisi3.o)
 .debug_info    0x000005f0       0xbe /usr/local/CrossPack-AVR-20131216/lib/gcc/avr/4.8.1/avr6/libgcc.a(_umulhisi3.o)
 *(.gnu.linkonce.wi.*)

.debug_abbrev   0x00000000       0xb4
 *(.debug_abbrev)
 .debug_abbrev  0x00000000       0x14 /usr/local/CrossPack-AVR-20131216/lib/gcc/avr/4.8.1/avr6/libgcc.a(_udivmodsi4.o)
 .debug_abbrev  0x00000014       0x14 /usr/local/CrossPack-AVR-20131216/lib/gcc/avr/4.8.1/avr6/libgcc.a(_exit.o)
 .debug_abbrev  0x00000028       0x14 /usr/local/CrossPack-AVR-20131216/lib/gcc/avr/4.8.1/avr6/libgcc.a(_copy_data.o)
 .debug_abbrev  0x0000003c       0x14 /usr/local/CrossPack-AVR-20131216/lib/gcc/avr/4.8.1/avr6/libgcc.a(_clear_bss.o)
 .debug_abbrev  0x00000050       0x14 /usr/local/CrossPack-AVR-20131216/lib/gcc/avr/4.8.1/avr6/libgcc.a(_divmodsi4.o)
 .debug_abbrev  0x00000064       0x14 /usr/local/CrossPack-AVR-20131216/lib/gcc/avr/4.8.1/avr6/libgcc.a(_negsi2.o)
 .debug_abbrev  0x00000078       0x14 /usr/local/CrossPack-AVR-20131216/lib/gcc/avr/4.8.1/avr6/libgcc.a(_muluhisi3.o)
 .debug_abbrev  0x0000008c       0x14 /usr/local/CrossPack-AVR-20131216/lib/gcc/avr/4.8.1/avr6/libgcc.a(_mulshisi3.o)
 .debug_abbrev  0x000000a0       0x14 /usr/local/CrossPack-AVR-20131216/lib/gcc/avr/4.8.1/avr6/libgcc.a(_umulhisi3.o)

.debug_line     0x00000000      0x374
 *(.debug_line)
 .debug_line    0x00000000       0x78 /usr/local/CrossPack-AVR-20131216/lib/gcc/avr/4.8.1/avr6/libgcc.a(_udivmodsi4.o)
 .debug_line    0x00000078       0x58 /usr/local/CrossPack-AVR-20131216/lib/gcc/avr/4.8.1/avr6/libgcc.a(_exit.o)
 .debug_line    0x000000d0       0x63 /usr/local/CrossPack-AVR-20131216/lib/gcc/avr/4.8.1/avr6/libgcc.a(_copy_data.o)
 .debug_line    0x00000133       0x5e /usr/local/CrossPack-AVR-20131216/lib/gcc/avr/4.8.1/avr6/libgcc.a(_clear_bss.o)
 .debug_line    0x00000191       0x6a /usr/local/CrossPack-AVR-20131216/lib/gcc/avr/4.8.1/avr6/libgcc.a(_divmodsi4.o)
 .debug_line    0x000001fb       0x58 /usr/local/CrossPack-AVR-20131216/lib/gcc/avr/4.8.1/avr6/libgcc.a(_negsi2.o)
 .debug_line    0x00000253       0x60 /usr/local/CrossPack-AVR-20131216/lib/gcc/avr/4.8.1/avr6/libgcc.a(_muluhisi3.o)
 .debug_line    0x000002b3       0x5c /usr/local/CrossPack-AVR-20131216/lib/gcc/avr/4.8.1/avr6/libgcc.a(_mulshisi3.o)
 .debug_line    0x0000030f       0x65 /usr/local/CrossPack-AVR-20131216/lib/gcc/avr/4.8.1/avr6/libgcc.a(_umulhisi3.o)

.debug_frame
 *(.debug_frame)

.debug_str
 *(.debug_str)

.debug_loc
 *(.debug_loc)

.debug_macinfo
 *(.debug_macinfo)

.debug_pubtypes
 *(.debug_pubtypes)

.debug_ranges
 *(.debug_ranges)

.debug_macro
 *(.debug_macro)
OUTPUT(spike_zb_coordinator.elf elf32-avr)
LOAD linker stubs
